3                *  3
2           *       2
1      *            1
0     [A]  [B]  [C] 0
...
3              [*C] 3
2         [*B]      2
1    [*A]           1
0                   0
